// Jest Snapshot v1, https://goo.gl/fbAQLP

exports[`renders homepage unchanged 1`] = `
<div>
  <div>
    <div
      class="min-h-screen h-auto"
    >
      <main>
        <div
          class="relative overflow-hidden"
        >
          <div
            class="max-w-7xl mx-auto"
          >
            <div
              class="relative z-10 pb-8 sm:pb-16 md:pb-20 lg:max-w-2xl lg:w-full lg:pb-28 xl:pb-32"
            >
              <main
                class="mt-10 mx-auto max-w-7xl px-4 sm:mt-12 sm:px-6 md:mt-16 lg:mt-20 lg:px-8 xl:mt-28"
              >
                <div
                  class="sm:text-center lg:text-left"
                >
                  <h1
                    class="text-4xl tracking-tight font-extrabold text-gray-900 sm:text-5xl md:text-6xl"
                  >
                    <span
                      class="block xl:inline"
                    >
                      Break language barriers
                    </span>
                     
                    <span
                      class="block text-indigo-600 xl:inline"
                    >
                      with AI-powered translations
                    </span>
                  </h1>
                  <p
                    class="mt-3 text-base text-gray-500 sm:mt-5 sm:text-lg sm:max-w-xl sm:mx-auto md:mt-5 md:text-xl lg:mx-0"
                  >
                    LinguaAI offers fast, accurate, and context-aware translations for businesses and individuals. Communicate effortlessly across languages.
                  </p>
                  <div
                    class="mt-5 sm:mt-8 sm:flex sm:justify-center lg:justify-start"
                  >
                    <div
                      class="rounded-md shadow"
                    >
                      <a
                        class="w-full flex items-center justify-center px-8 py-3 border border-transparent text-base font-medium rounded-md text-white bg-indigo-600 hover:bg-indigo-700 md:py-4 md:text-lg md:px-10"
                        href="/signup"
                      >
                        Get started
                      </a>
                    </div>
                    <div
                      class="mt-3 sm:mt-0 sm:ml-3"
                    >
                      <a
                        class="w-full flex items-center justify-center px-8 py-3 border border-transparent text-base font-medium rounded-md text-indigo-700 bg-indigo-100 hover:bg-indigo-200 md:py-4 md:text-lg md:px-10"
                        href="/translate"
                      >
                        Live demo
                      </a>
                    </div>
                  </div>
                </div>
              </main>
            </div>
          </div>
        </div>
        <div
          id="about"
        >
          <div
            class="py-12"
          >
            <div
              class="max-w-7xl mx-auto px-4 sm:px-6 lg:px-8"
            >
              <div
                class="lg:text-center"
              >
                <h2
                  class="text-base text-indigo-600 font-semibold tracking-wide uppercase"
                >
                  Features
                </h2>
                <p
                  class="mt-2 text-3xl leading-8 font-extrabold tracking-tight text-gray-900 sm:text-4xl"
                >
                  A better way to translate
                </p>
                <p
                  class="mt-4 max-w-2xl text-xl text-gray-500 lg:mx-auto"
                >
                  LinguaAI combines cutting-edge AI technology with a user-friendly interface to provide unparalleled translation services.
                </p>
              </div>
              <div
                class="mt-10"
              >
                <dl
                  class="space-y-10 md:space-y-0 md:grid md:grid-cols-2 md:gap-x-8 md:gap-y-10"
                >
                  <div
                    class="relative"
                  >
                    <dt>
                      <div
                        class="absolute flex items-center justify-center h-12 w-12 rounded-md bg-indigo-500 text-white"
                      >
                        <svg
                          class="lucide lucide-globe h-6 w-6"
                          fill="none"
                          height="24"
                          stroke="currentColor"
                          stroke-linecap="round"
                          stroke-linejoin="round"
                          stroke-width="2"
                          viewBox="0 0 24 24"
                          width="24"
                          xmlns="http://www.w3.org/2000/svg"
                        >
                          <circle
                            cx="12"
                            cy="12"
                            r="10"
                          />
                          <path
                            d="M12 2a14.5 14.5 0 0 0 0 20 14.5 14.5 0 0 0 0-20"
                          />
                          <path
                            d="M2 12h20"
                          />
                        </svg>
                      </div>
                      <p
                        class="ml-16 text-lg leading-6 font-medium text-gray-900"
                      >
                        100+ Languages
                      </p>
                    </dt>
                    <dd
                      class="mt-2 ml-16 text-base text-gray-500"
                    >
                      Translate between over 100 languages with high accuracy and natural-sounding results.
                    </dd>
                  </div>
                  <div
                    class="relative"
                  >
                    <dt>
                      <div
                        class="absolute flex items-center justify-center h-12 w-12 rounded-md bg-indigo-500 text-white"
                      >
                        <svg
                          class="lucide lucide-zap h-6 w-6"
                          fill="none"
                          height="24"
                          stroke="currentColor"
                          stroke-linecap="round"
                          stroke-linejoin="round"
                          stroke-width="2"
                          viewBox="0 0 24 24"
                          width="24"
                          xmlns="http://www.w3.org/2000/svg"
                        >
                          <path
                            d="M4 14a1 1 0 0 1-.78-1.63l9.9-10.2a.5.5 0 0 1 .86.46l-1.92 6.02A1 1 0 0 0 13 10h7a1 1 0 0 1 .78 1.63l-9.9 10.2a.5.5 0 0 1-.86-.46l1.92-6.02A1 1 0 0 0 11 14z"
                          />
                        </svg>
                      </div>
                      <p
                        class="ml-16 text-lg leading-6 font-medium text-gray-900"
                      >
                        Lightning Fast
                      </p>
                    </dt>
                    <dd
                      class="mt-2 ml-16 text-base text-gray-500"
                    >
                      Get instant translations for text, documents, and websites with our powerful AI engine.
                    </dd>
                  </div>
                  <div
                    class="relative"
                  >
                    <dt>
                      <div
                        class="absolute flex items-center justify-center h-12 w-12 rounded-md bg-indigo-500 text-white"
                      >
                        <svg
                          class="lucide lucide-shield h-6 w-6"
                          fill="none"
                          height="24"
                          stroke="currentColor"
                          stroke-linecap="round"
                          stroke-linejoin="round"
                          stroke-width="2"
                          viewBox="0 0 24 24"
                          width="24"
                          xmlns="http://www.w3.org/2000/svg"
                        >
                          <path
                            d="M20 13c0 5-3.5 7.5-7.66 8.95a1 1 0 0 1-.67-.01C7.5 20.5 4 18 4 13V6a1 1 0 0 1 1-1c2 0 4.5-1.2 6.24-2.72a1.17 1.17 0 0 1 1.52 0C14.51 3.81 17 5 19 5a1 1 0 0 1 1 1z"
                          />
                        </svg>
                      </div>
                      <p
                        class="ml-16 text-lg leading-6 font-medium text-gray-900"
                      >
                        Secure & Private
                      </p>
                    </dt>
                    <dd
                      class="mt-2 ml-16 text-base text-gray-500"
                    >
                      Your data is encrypted and never stored, ensuring maximum privacy and security.
                    </dd>
                  </div>
                  <div
                    class="relative"
                  >
                    <dt>
                      <div
                        class="absolute flex items-center justify-center h-12 w-12 rounded-md bg-indigo-500 text-white"
                      >
                        <svg
                          class="h-6 w-6"
                          fill="none"
                          stroke="currentColor"
                          viewBox="0 0 24 24"
                        >
                          <path
                            d="M13 10V3L4 14h7v7l9-11h-7z"
                            stroke-linecap="round"
                            stroke-linejoin="round"
                            stroke-width="2"
                          />
                        </svg>
                      </div>
                      <p
                        class="ml-16 text-lg leading-6 font-medium text-gray-900"
                      >
                        API Integration
                      </p>
                    </dt>
                    <dd
                      class="mt-2 ml-16 text-base text-gray-500"
                    >
                      Easily integrate our translation services into your applications with our robust API.
                    </dd>
                  </div>
                </dl>
              </div>
            </div>
          </div>
        </div>
        <div
          class=""
        >
          <div
            class="max-w-2xl mx-auto text-center py-16 px-4 sm:py-20 sm:px-6 lg:px-8"
          >
            <h2
              class="text-3xl font-extrabold text-white sm:text-4xl"
            >
              <span
                class="block"
              >
                Boost your global reach.
              </span>
              <span
                class="block"
              >
                Start translating today.
              </span>
            </h2>
            <p
              class="mt-4 text-lg leading-6 text-indigo-200"
            >
              Join thousands of satisfied users who trust LinguaAI for their translation needs. Sign up now and get 100 free translations.
            </p>
            <a
              class="mt-8 w-full inline-flex items-center justify-center px-5 py-3 border border-transparent text-base font-medium rounded-md text-indigo-600 bg-white hover:bg-indigo-50 sm:w-auto"
              href="/signup"
            >
              Sign up for free
            </a>
          </div>
        </div>
      </main>
    </div>
  </div>
</div>
`;
